== shape prompt
..............................
30 cases · $0.0387 · 108 s
saved runs/ep06/2026-09-29-shape-prompt-think-low-run1.json $0.0387
== shape json
..............................
30 cases · $0.0192 · 110 s
saved runs/ep06/2026-09-29-shape-json-think-low-run1.json $0.0192
== shape schema
..............................
30 cases · $0.0159 · 89 s
saved runs/ep06/2026-09-29-shape-schema-think-low-run1.json $0.0159
== calls enum AUTO
..............................
30 cases · $0.0626 · 104 s
saved runs/ep06/2026-09-29-calls-enum-AUTO-think-low-run1.json $0.0626
== calls free AUTO
..............................
30 cases · $0.0565 · 100 s
saved runs/ep06/2026-09-29-calls-free-AUTO-think-low-run1.json $0.0565
== calls enum ANY
..............................
30 cases · $0.0652 · 129 s
saved runs/ep06/2026-09-29-calls-enum-ANY-think-low-run1.json $0.0652
== calls enum VALIDATED
..............................
30 cases · $0.0567 · 110 s
saved runs/ep06/2026-09-30-calls-enum-VALIDATED-think-low-run1.json $0.0567
