p6-postmortem-notifier-reminder-backlog-run1 200 STOP 12.019 $0.0055 spent $0.0055
p6-postmortem-api-index-migration-run1 200 STOP 10.954 $0.0056 spent $0.0110
p6-postmortem-payments-duplicate-refunds-run1 200 STOP 9.755 $0.0053 spent $0.0163
p6-postmortem-web-firewall-challenge-run1 200 STOP 8.204 $0.0050 spent $0.0213
p6-provider-cloudflare-japan-edge-run1 200 STOP 6.035 $0.0032 spent $0.0245
p6-scan-dr-drill-2023-run1 200 STOP 5.267 $0.0020 spent $0.0265
p6-scan-twilio-maintenance-2025-run1 200 STOP 4.472 $0.0016 spent $0.0281
p6-scan-escalation-sheet-run1 200 STOP 4.963 $0.0017 spent $0.0299
p6-ep08-payments-timeout-run1 200 STOP 7.844 $0.0043 spent $0.0342
p6-postmortem-notifier-reminder-backlog-run2 200 STOP 8.916 $0.0055 spent $0.0397
p6-postmortem-api-index-migration-run2 200 STOP 9.233 $0.0056 spent $0.0452
p6-postmortem-payments-duplicate-refunds-run2 200 STOP 7.981 $0.0053 spent $0.0505
p6-postmortem-web-firewall-challenge-run2 200 STOP 7.576 $0.0050 spent $0.0555
p6-provider-cloudflare-japan-edge-run2 200 STOP 5.959 $0.0032 spent $0.0587
p6-scan-dr-drill-2023-run2 200 STOP 4.304 $0.0020 spent $0.0607
p6-scan-twilio-maintenance-2025-run2 200 STOP 3.485 $0.0016 spent $0.0623
p6-scan-escalation-sheet-run2 200 STOP 4.523 $0.0017 spent $0.0641
p6-ep08-payments-timeout-run2 200 STOP 6.866 $0.0043 spent $0.0684
p6-postmortem-notifier-reminder-backlog-run3 200 STOP 8.316 $0.0055 spent $0.0739
p6-postmortem-api-index-migration-run3 200 STOP 8.45 $0.0056 spent $0.0794
p6-postmortem-payments-duplicate-refunds-run3 200 STOP 8.817 $0.0053 spent $0.0847
p6-postmortem-web-firewall-challenge-run3 200 STOP 7.863 $0.0050 spent $0.0897
p6-provider-cloudflare-japan-edge-run3 200 STOP 6.076 $0.0032 spent $0.0929
p6-scan-dr-drill-2023-run3 200 STOP 4.487 $0.0021 spent $0.0950
p6-scan-twilio-maintenance-2025-run3 200 STOP 3.516 $0.0016 spent $0.0965
p6-scan-escalation-sheet-run3 200 STOP 3.986 $0.0017 spent $0.0983
p6-ep08-payments-timeout-run3 200 STOP 6.737 $0.0043 spent $0.1026
